#-----------------------------------------------------------
# Webtalk v2020.1 (64-bit)
# SW Build 2902540 on Wed May 27 19:54:49 MDT 2020
# IP Build 2902112 on Wed May 27 22:43:36 MDT 2020
# Start of session at: Tue Apr 25 21:02:07 2023
# Process ID: 22024
# Current directory: D:/Desktop/PrivacyPreservingDeepLearning/hls_design/mat_vec_mul/mat_vec_mul_hls/solution1_default/sim/verilog
# Command line: wbtcv.exe -mode batch -source D:/Desktop/PrivacyPreservingDeepLearning/hls_design/mat_vec_mul/mat_vec_mul_hls/solution1_default/sim/verilog/xsim.dir/mat_vec_multiply/webtalk/xsim_webtalk.tcl -notrace
# Log file: D:/Desktop/PrivacyPreservingDeepLearning/hls_design/mat_vec_mul/mat_vec_mul_hls/solution1_default/sim/verilog/webtalk.log
# Journal file: D:/Desktop/PrivacyPreservingDeepLearning/hls_design/mat_vec_mul/mat_vec_mul_hls/solution1_default/sim/verilog\webtalk.jou
#-----------------------------------------------------------
source D:/Desktop/PrivacyPreservingDeepLearning/hls_design/mat_vec_mul/mat_vec_mul_hls/solution1_default/sim/verilog/xsim.dir/mat_vec_multiply/webtalk/xsim_webtalk.tcl -notrace
